[2026-04-11 19:29:34] ==========================================
[2026-04-11 19:29:34] 🚀 开始部署环境准备检查
[2026-04-11 19:29:34] ==========================================
[2026-04-11 19:29:34] 检查 Node.js 环境...
[2026-04-11 19:29:34] [0;32m✅ Node.js v25.8.0 满足要求[0m
[2026-04-11 19:29:34] [0;32m✅ npm 11.11.0 已安装[0m
[2026-04-11 19:29:34] 检查 Docker 环境...
[2026-04-11 19:29:34] [0;32m✅ Docker 29.3.0 已安装[0m
[2026-04-11 19:29:34] [0;32m✅ Docker Compose version 已安装[0m
[2026-04-11 19:29:34] [0;32m✅ Docker 服务运行正常[0m
[2026-04-11 19:29:34] 检查 PM2 环境...
[2026-04-11 19:29:35] [0;32m✅ PM2 [PM2] Spawning PM2 daemon with pm2_home=/root/.pm2
[PM2] PM2 Successfully daemonized
6.0.14 已安装[0m
[2026-04-11 19:29:35] 检查磁盘空间...
[2026-04-11 19:29:35] 磁盘使用率：61%，可用空间：38G
[2026-04-11 19:29:35] [0;32m✅ 磁盘空间充足[0m
[2026-04-11 19:29:35] 检查端口占用...
[2026-04-11 19:29:35] [0;32m✅ 端口 10001 可用[0m
[2026-04-11 19:29:35] [1;33m⚠️ 端口 9090 已被占用[0m
[2026-04-11 19:29:35] [1;33m⚠️ 端口 3002 已被占用[0m
[2026-04-11 19:29:35] [1;33m⚠️ 端口 9093 已被占用[0m
[2026-04-11 19:29:35] [1;33m⚠️ 端口 9100 已被占用[0m
[2026-04-11 19:29:35] [1;33m⚠️ 端口 8080 已被占用[0m
