[2026-04-11 19:29:49] ==========================================
[2026-04-11 19:29:49] 🔍 开始监控配置检查
[2026-04-11 19:29:49] ==========================================
[2026-04-11 19:29:49] 检查 Prometheus 配置...
[2026-04-11 19:29:49] [0;32m✅ Prometheus 配置文件存在[0m
[2026-04-11 19:29:49] [1;33m⚠️ promtool 未安装，跳过语法检查[0m
[2026-04-11 19:29:49] [0;32m✅ 告警规则文件存在[0m
[2026-04-11 19:29:49] 检查 Grafana 配置...
[2026-04-11 19:29:49] [0;32m✅ Grafana 数据源配置目录存在[0m
[2026-04-11 19:29:49] [0;32m✅ Grafana 数据源配置文件存在[0m
[2026-04-11 19:29:49] [0;32m✅ Grafana 仪表盘配置目录存在[0m
[2026-04-11 19:29:49] 检查监控容器状态...
[2026-04-11 19:29:49] [0;32m✅ prometheus 容器运行中[0m
[2026-04-11 19:29:50] [0;32m✅ grafana 容器运行中[0m
[2026-04-11 19:29:50] [0;32m✅ alertmanager 容器运行中[0m
[2026-04-11 19:29:50] [0;32m✅ node-exporter 容器运行中[0m
[2026-04-11 19:29:50] [0;32m✅ cadvisor 容器运行中[0m
[2026-04-11 19:29:50] 检查监控端点可达性...
[2026-04-11 19:29:50] [1;33m⚠️ //localhost 端点不可达[0m
[2026-04-11 19:29:50] [1;33m⚠️ //localhost 端点不可达[0m
[2026-04-11 19:29:50] [1;33m⚠️ //localhost 端点不可达[0m
[2026-04-11 19:29:50] [1;33m⚠️ //localhost 端点不可达[0m
[2026-04-11 19:29:50] [1;33m⚠️ //localhost 端点不可达[0m
